src/app/clientes/nuevo/page.tsx(65,5): error TS2353: Object literal may only specify known properties, and 'required_error' does not exist in type '{ error?: string | $ZodErrorMap<$ZodIssueInvalidType<unknown>> | undefined; message?: string | undefined; }'.
src/app/pagos/components/PagoFormModal.tsx(55,5): error TS2322: Type 'Resolver<{ cliente_id: string; monto: unknown; metodo_pago: string; concepto: string; }, any, { cliente_id: string; monto: number; metodo_pago: string; concepto: string; }>' is not assignable to type 'Resolver<{ cliente_id: string; monto: number; metodo_pago: string; concepto: string; }, any, { cliente_id: string; monto: number; metodo_pago: string; concepto: string; }>'.
  Types of parameters 'options' and 'options' are incompatible.
    Type 'ResolverOptions<{ cliente_id: string; monto: number; metodo_pago: string; concepto: string; }>' is not assignable to type 'ResolverOptions<{ cliente_id: string; monto: unknown; metodo_pago: string; concepto: string; }>'.
      Type 'unknown' is not assignable to type 'number'.
src/app/pagos/components/PagoFormModal.tsx(181,45): error TS2345: Argument of type '(values: PagoFormValues) => Promise<void>' is not assignable to parameter of type 'SubmitHandler<TFieldValues>'.
  Types of parameters 'values' and 'data' are incompatible.
    Type 'TFieldValues' is not assignable to type '{ cliente_id: string; monto: number; metodo_pago: string; concepto: string; }'.
      Type 'FieldValues' is missing the following properties from type '{ cliente_id: string; monto: number; metodo_pago: string; concepto: string; }': cliente_id, monto, metodo_pago, concepto
src/app/pagos/components/PagoFormModal.tsx(265,56): error TS2322: Type '(val: string) => void' is not assignable to type '(value: string | null, eventDetails: SelectRootChangeEventDetails) => void'.
  Types of parameters 'val' and 'value' are incompatible.
    Type 'string | null' is not assignable to type 'string'.
      Type 'null' is not assignable to type 'string'.
src/app/pagos/components/PagoFormModal.tsx(287,112): error TS2345: Argument of type 'string | null' is not assignable to parameter of type 'string'.
  Type 'null' is not assignable to type 'string'.
src/app/planes/components/PlanFormModal.tsx(47,5): error TS2322: Type 'Resolver<{ nombre: string; precio: unknown; duracion_dias: unknown; descripcion?: string | undefined; incluye_clases?: boolean | undefined; }, any, { nombre: string; precio: number; duracion_dias: number; incluye_clases: boolean; descripcion?: string | undefined; }>' is not assignable to type 'Resolver<{ nombre: string; precio: number; duracion_dias: number; incluye_clases: boolean; descripcion?: string | undefined; }, any, { nombre: string; precio: number; duracion_dias: number; incluye_clases: boolean; descripcion?: string | undefined; }>'.
  Types of parameters 'options' and 'options' are incompatible.
    Type 'ResolverOptions<{ nombre: string; precio: number; duracion_dias: number; incluye_clases: boolean; descripcion?: string | undefined; }>' is not assignable to type 'ResolverOptions<{ nombre: string; precio: unknown; duracion_dias: unknown; descripcion?: string | undefined; incluye_clases?: boolean | undefined; }>'.
      Type 'unknown' is not assignable to type 'number'.
src/app/planes/components/PlanFormModal.tsx(116,43): error TS2345: Argument of type '(values: PlanFormValues) => Promise<void>' is not assignable to parameter of type 'SubmitHandler<TFieldValues>'.
  Types of parameters 'values' and 'data' are incompatible.
    Type 'TFieldValues' is not assignable to type '{ nombre: string; precio: number; duracion_dias: number; incluye_clases: boolean; descripcion?: string | undefined; }'.
      Type 'FieldValues' is missing the following properties from type '{ nombre: string; precio: number; duracion_dias: number; incluye_clases: boolean; descripcion?: string | undefined; }': nombre, precio, duracion_dias, incluye_clases
src/app/reportes/page.tsx(169,32): error TS2322: Type '(value: number) => string' is not assignable to type 'Formatter<ValueType, NameType> & ((value: ValueType, name: NameType, item: TooltipPayloadEntry, index: number, payload: TooltipPayload) => ReactNode | [...])'.
  Type '(value: number) => string' is not assignable to type 'Formatter<ValueType, NameType>'.
    Types of parameters 'value' and 'value' are incompatible.
      Type 'ValueType | undefined' is not assignable to type 'number'.
        Type 'undefined' is not assignable to type 'number'.
